// Jest Snapshot v1, https://goo.gl/fbAQLP

exports[`renders correctly 1`] = `
<div
  className="App"
>
  <Container
    fluid={false}
  >
    <Header />
  </Container>
</div>
`;
